==> ruff check src/
All checks passed!
==> pytest -q
........................................................................ [ 19%]
........................................................................ [ 39%]
........................................................................ [ 59%]
........................................................................ [ 79%]
........................................................................ [ 99%]
..                                                                       [100%]
362 passed in 11.82s
==> ci.sh OK
ci.sh exit code: 0
